Aberdeenshire
Sir Fon
Anglesey
Angus
Argyll and Bute
Ayrshire
Bedfordshire
Berkshire
Blaenau Gwent
Bristol
Buckinghamshire
Caerffili
Caerphilly
Cambridgeshire
Caerdydd
Cardiff
Ceredigion
Cardiganshire
Sir Gaerfyrddin
Carmarthenshire
Cheshire
Clackmannanshire
Clwyd
Conwy
Cornwall
County Antrim
County Armagh
County Carlow
County Cavan
County Clare
County Cork
County Donegal
County Down
County Dublin
County Fermanagh
County Galway
County Kerry
County Kildare
County Kilkenny
County Laois
County Leitrim
County Limerick
County Londonderry
County Longford
County Louth
County Mayo
County Meath
County Monaghan
County Offaly
County Roscommon
County Sligo
County Tipperary
County Tyrone
County Waterford
County Westmeath
County Wexford
County Wicklow
Cumbria
Sir Ddinbych
Denbighshire
Derbyshire
Devon
Dorset
Dumfries and Galloway
Dunbartonshire
Dundee
Durham
East Lothian
East Riding of Yorkshire
East Sussex
Edinburgh
Essex
Fife
Sir Fflint
Flintshire
Morgannwg
Glamorgan
Glasgow
Gloucestershire
Gwynedd/Gwynedd
Hampshire
Herefordshire
Hertfordshire
Highland
Isle of Man
Isle of Wight
Kent
Lanarkshire
Lancashire
Lancs
Leicestershire
Lincolnshire
Merseyside
Merthyr Tydfil
Midlothian
Sir Fynwy
Monmouthshire
Moray
Neath Port Talbot
Newport
Norfolk
North Yorkshire
Northamptonshire
Northumberland
Nottinghamshire
Orkney
Oxfordshire
Sir Benfro
Pembrokeshire
Perth and Kinross
Powys
Renfrewshire
Rhondda
Scottish Borders
Shetland Isles
Shropshire
Somerset
South Yorkshire
Staffordshire
Stirling
Suffolk
Surrey
Swansea
Torfaen
Tyne and Wear
Warwickshire
West Lothian
West Midlands
West Sussex
West Yorkshire
Western Isles
Wiltshire
Worcestershire
ABERDEENSHIRE
SIR FON
ANGLESEY
ANGUS
ARGYLL AND BUTE
AYRSHIRE
BEDFORDSHIRE
BERKSHIRE
BLAENAU GWENT
BRISTOL
BUCKINGHAMSHIRE
CAERFFILI
CAERPHILLY
CAMBRIDGESHIRE
CAERDYDD
CARDIFF
CEREDIGION
CARDIGANSHIRE
SIR GAERFYRDDIN
CARMARTHENSHIRE
CHESHIRE
CLACKMANNANSHIRE
CLWYD
CONWY
CORNWALL
COUNTY ANTRIM
COUNTY ARMAGH
COUNTY CARLOW
COUNTY CAVAN
COUNTY CLARE
COUNTY CORK
COUNTY DONEGAL
COUNTY DOWN
COUNTY DUBLIN
COUNTY FERMANAGH
COUNTY GALWAY
COUNTY KERRY
COUNTY KILDARE
COUNTY KILKENNY
COUNTY LAOIS
COUNTY LEITRIM
COUNTY LIMERICK
COUNTY LONDONDERRY
COUNTY LONGFORD
COUNTY LOUTH
COUNTY MAYO
COUNTY MEATH
COUNTY MONAGHAN
COUNTY OFFALY
COUNTY ROSCOMMON
COUNTY SLIGO
COUNTY TIPPERARY
COUNTY TYRONE
COUNTY WATERFORD
COUNTY WESTMEATH
COUNTY WEXFORD
COUNTY WICKLOW
CUMBRIA
SIR DDINBYCH
DENBIGHSHIRE
DERBYSHIRE
DEVON
DORSET
DUMFRIES AND GALLOWAY
DUNBARTONSHIRE
DUNDEE
DURHAM
EAST LOTHIAN
EAST RIDING OF YORKSHIRE
EAST SUSSEX
EDINBURGH
ESSEX
FIFE
SIR FFLINT
FLINTSHIRE
MORGANNWG
GLAMORGAN
GLASGOW
GLOUCESTERSHIRE
GWYNEDD/GWYNEDD
HAMPSHIRE
HEREFORDSHIRE
HERTFORDSHIRE
HIGHLAND
ISLE OF MAN
ISLE OF WIGHT
KENT
LANARKSHIRE
LANCASHIRE
LANCS
LEICESTERSHIRE
LINCOLNSHIRE
MERSEYSIDE
MERTHYR TYDFIL
MIDLOTHIAN
SIR FYNWY
MONMOUTHSHIRE
MORAY
NEATH PORT TALBOT
NEWPORT
NORFOLK
NORTH YORKSHIRE
NORTHAMPTONSHIRE
NORTHUMBERLAND
NOTTINGHAMSHIRE
ORKNEY
OXFORDSHIRE
SIR BENFRO
PEMBROKESHIRE
PERTH AND KINROSS
POWYS
RENFREWSHIRE
RHONDDA
SCOTTISH BORDERS
SHETLAND ISLES
SHROPSHIRE
SOMERSET
SOUTH YORKSHIRE
STAFFORDSHIRE
STIRLING
SUFFOLK
SURREY
SWANSEA
TORFAEN
TYNE AND WEAR
WARWICKSHIRE
WEST LOTHIAN
WEST MIDLANDS
WEST SUSSEX
WEST YORKSHIRE
WESTERN ISLES
WILTSHIRE
WORCESTERSHIRE