7 brooks medical centre
aberdeen
aberdeen royal infirmary
addenbrokes
addenbrooke
addenbrooke hospital
addenbrookes
addenbrooke's hospital
addenbrookes, cambridge
addenbrooks, cambridge
aintree university hospitals
aintree university hospitals nhs trust
airedale general hospital, west yorkshire
airedale hospital skipton
airedale hospital, yorkshire
airedale nhs
alexandra
alexandra (private cheadle)
altrincahm general
altrincham general
altrincham general hospital
altrincham hospital
balsall common and meriden group practice
bangor hospital
beamount hospital
beatson wos cancer centre, glasgow
beatson, glasgow
beaumont bolton
belfast city hospital
betsi cadwaladr
biddulphdoctors
birmingham city hospital
birmingham heartlands
birmingham nhs
blackburn hospital
blackpool hospital
blackpool infirmary
blackpool teaching hospital
blackpool teaching hospitals
blackpool victoria
blackpool victoria hospital
blackpool, victoria hospital
bmi highfield hospital
bmi priory hospital, edgbaston
bolton hospice
bradfod hospital
bradford hospitals
bradford infirmary
bradford royal infirmary
bradford teaching hospitals
bridgegate medical centre
bridgwater medical cenre
bridgwater medical cenre, leigh
brighton and sussex hospital
brighton and sussex university hospital
bristol royal infirmary
bupa rochdale
burnley general
burnley general hospital
burton hospitals
bury (fairfield)
bury icat
calderdale
calderdale and huddersfield
caltterbridge
care uk
castle hill hospital
castle hill hospital cottingham east yorkshire
castlefields
central manchester university hospital nhs foundation trust
chapel en le frith
charing cross
charing cross hospital, london
charing cross london
chesterfield
chesterfield royal hospital
chesterfield royal infirmary
chesterfirld royal hospital
chorley
chorley & south ribble dgh
chorley & south ribble district general hospital
chorley and south ribble district general
christie nhs
chruchill - oxford
city general north staff
city general stoke
city general, stoke on trent
city hospital, nottingham
city hospital, staffordshire
claterbridge
clattebridge
clatterbirdge
clatterbride
clatterbridge
clatterbridge cancer centre
clatterbridge centre for oncology
clatterbridge hospital
clatterbridge liverpool
clatterbridge, liverpool
clifton fleetwood
countess of chester
countess of chester hopsital
county durham and darlington
county hospital
county hospital stafford
county hospital, stafford
county, stafford
crighton michelle hospital
cumberland infirmary
cumbria health centre
derby hospitals
derby hospitals nhs trust
diana, princess of wales hospital
dudley group
dudley hospital
dundee nine wells
durnford medical centre
east and north hertfordshire
east and north herts
east cheshire
east kent hospitals
east lancashire
east lancashire hospitals
east lancashire hospitals nhs trust
east lancashire hospitals nhs trust, burnley general hospital
east lancashire nhs
east lanchashire hospitals
east lancs
east surrey hospital
eastbourne hospital
edenfield road surgery, rochdale
edinburgh cancer centre
edinburgh royal infrmary
elm lane & chapeltown surgery
euxton hall (private)
euxton hall chorley
ewsbury & telford
fairfield general hospital
fairfield hospital
furness general
furness general hospital
furness genral
george eliot hospital
gig cymru
glan clwyd
glan clwyd (north wales)
glenroyd medical
gloucester royal hospital
good hope hospital
good hope hospital, west midlands
great western hospital, swindon
greater manchester and oswestery
guy's and st thomas
gynae health
hammersmith
harrogate district
health services at wolves, warrington
heart of england nhs trust
heartlands birmingham
hereford hospital
highfield
highfield hospital, rochdale
highfield private hospital
highfield, private
hinchingbrooke
hope, heart of england
hospital in karachi
huddersfield royal infirmary
jaggs-fowler
james cook hospital, south tees
james cook hospital. middlesbrough
james cook university
james cook university hopl. middlesbrough
james cook university hospital, middlesborough
james cook university hospital, middlesbrough
jules bordet, belgium
kent oncology centre
kettering general hospital
kingsgate dermatology centre
kingsgate house, stockport
lache health centre, chester
lancashire teaching hospital
lancashire teaching hospitals
lancashireteaching hospitals
lancaster infirmary
lancaster royal
lancaster royal infirmary
leeds cancer centre
leeds infirmary
leeds teaching hospital
leeds teaching hospitals
leeds traching hospital
leeds, st james' university hospital
leicester royal infirmary
leigh hospital
leigh infirmary
leighton
leighton (crewe)
life fourways hospital, fourways, south africa
limefield medical centre
lincoln county hospital
lincoln county hospital nhs
liverpool eye hospital
liverpool heart and chest hospital
liverpool heart and lung centre
liverpool royal infirmary
llandudno general hospital
london breast care centre bahrain
london bridge hospital
macclesfield
maidstone and turnbridge wells
manchester children's hospital
manchester ear nose and throat clinic
manchester royal infirmary (central mcr)
martin dawes stand warrington
mid cheshire hospital
mid cheshire hospitals foundation trust
mid staffordshire
mid staffs
mid yorkshire
moecambe bay
montpelier france
moracambe bay
morcambe
morcambe bay
morcombe bay
morecamb bay
morecambe bay
morecambe bay nhs trust
morecombe bay
morecome bay
mount vernon
murrayfield hospital
musgrove park
musgrove park hospital taunton
newcastle upon tyne hospitals
nhs wales
nhs wales (gig cymru)
nobles douglas isle of man
nobles hospital, isle of man
nobles isle of man
noble's isle of man
north cumbria univeristy hospital
north cumbria university hopsital
north manchester
north manchester (crumpsall)
north manchester general hospital
north staffordshire
north staffordshire hospital
north staffordshire nhs trust
north staffs
north staffs hospital
north staffs patient transfere
north wales cancer centre
north wales cancer treatment centre
north west london hospitals nhs trust
northamptom general hospital
northampton general
northfield health centre
northwest lung centre
nottingham city hospital
nottingham nhs treatment centre
nottingham university hospital
nottingham university hospitals
orthopaedic hospital foundation trust
other, highfield
oxford street surgery
pendelside hospice
pennine
pennine acute
pennine acute hospital
pennine acute hospitals
pennine acute hospitals nhs
pennine acute hospitals nhs trust
pennine acute trust
pennygate medical centre, wigan
peterborough city hospital
pilgrim hospital (united lincolnshire hospitals)
pinderfields general hospital
pinderfields hospital
preston hospital
princess of wales sydney australia
princess royal hospital shrewsbury
private clinic
prof dan palmer, clatterbridge
prostate cancer centre, london
queen alexandra hospital
queen alexandra hospital, portsmouth
queen alexandra, portsmouth
queen's centre for oncology and haematology, hull ands east yorkshire hospitals
queensway medical centre, poulton-le-fylde
quenn elizabeth brimingham
quuen elizabeth hospital, birmingham
reading
reepham medical practice norwich
referred dr richard's gp drayton medical practice
rhanbarth canolog
rjah, oswestry
robert jones & agnes hunt
robert jones agnes hunt
robert jones agnes hunt orthopaedic hospital, oswestry
robert jones and agnes hunt hospital oswestry
robert jones and agnew hunt oswestry
royal  marsden
royal albert edward
royal albert edward (wigan)
royal blackburn
royal blackburn hospital
royal blackpool
royal bolton
royal bournemouth
royal bristol infirmary
royal cornwall
royal cornwall hospital
royal derby
royal devon and exeter
royal devon and exeter nhs foundation trust
royal eye hospital manchester
royal free london
royal free, london
royal hallamshire
royal lancashire hospital
royal lancashire infirmary
royal lancaster
royal lancaster hospital
royal lancaster infirmary
royal liverpool
royal liverpool and broeadgreen hospital
royal liverpool hospital
royal marsden
royal marsden hospital
royal marsdenlo
royal oldham
royal orthopaedic birmingham
royal preston
royal preston ?hospital
royal preston hospital
royal priston hospital
royal shresbury
royal shrewsbury
royal shrewsbury hospital
royal stoke
royal stoke hospital
royal stoke uni hospitals
royal stoke university hospital
royal united bath
royal victoria hospital, belfast
royal wolverhampton
royal wolverhampton hospital
russells hall
russells hall (dudley nhs trust, west midlands)
russells hall hospital
rvi, newcastle
salford royal
salford royal (inc hope)
scarborough hospital
scunthorpe general hospital
sefton primary care trust
sheffield  teaching hospital
sheffield nhs
sheffield teaching hospital
sheffield teaching hospitals
sheffiled
shefield teaching hospital
shrewsbury and telford
shrewsbury and telford hospital
shropshire skin clinc
singleton hospital, swansea
smuht
solihull hospital
south cheschire private hospital
south cheshire private hospital
south cheshire pvt hospital
south chesire pvt hospital
south tees hospital
southend  university hospital
southport and ormskirk district general hospital
spire
spire hale clinic
spire hospital
spire hospital (private)
spire hospital , manchester
spire hospital whaley range
spire hospital, hale
spire hospital,whalley range
spire manchester hospital
spire wrexham
springhill hospice
st ann's hospice
st anns hospice heald green
st bartholomew's, london
st catherines hospice
st george's hospital, tooting, london
st helens
st helen's & knowsley
st helens & knowsley teaching hospital
st helens and knowsley
st helen's and knowsley
st helens and knowsley teaching hosp
st helens and whiston
st helen's hospital
st james centre for oncology, leeds
st james hospital
st james' hospital
st james hospital, leeds
st james' hospital, leeds
st james institute of oncology. leeds
st james leeds
st james university hospital
st james' university hospital
st james university hospital leeds
st james' university teaching hospital, leeds
st james, leeds
st james's university
st james's university hospital leeds
st johns medical centre
st johns, livingston
st mary
st mary's
st richard's, chichester
st.helens and knowsley hospitals
stafford hospital
stafford nhs
stepping hill
stepping hill (stockport)
stockland green primary care
tamar valley health
tameside general
the beaumont hospital
the christie clinic
the christie clinic (private)
the christie nhs ft
the clatterbridge
the clatterbridge cancer centre
the countess of chester
the countess of chester hospital
the dow surgery
the freeman hospital, newcastle
the grange group practice, huddersfileld
the highfield hospital
the leeds teaching hospital
the leeds teaching hospitals
the lister hospital london
the pennine acute hospitals
the queen elizabeth
the richmond urology unit
the robert jones and agnes hunt orthopaedic hospital nhs foundation trust
the royal shrewsbury
the royal shrewsbury hospital
the royal wolverhampton
the walton centre
the wilmslow hospital
the wilmslow hospital
tower house practice
trafford general
uch
ucl london
uclh
uhns
uhsm
united lincolnshire
united lincolnshire hospitals
univ hosp coventry
univ hospitals morecambe bay
univ hospitals north midland
university college london hospitals
university hosp north midlands
university hospital bermingham
university hospital birmigham
university hospital birmingham
university hospital bristol
university hospital coventry
university hospital north midlands
university hospital north staffordshire
university hospital of durham
university hospital of morecombe bay
university hospital of north midlands
university hospital of north midlands nhs trust
university hospital of north staffordhire nhs trust
university hospital of north staffordshire
university hospitals birmingham
university hospitals morecambe bay
university hospitals north midlands
university hospitals of morecambe bay
university hospitals of north midlands
university north midlands
university north staffordshire hospital
university of southampton
university of wales hospital
unoversity hospital morecomb bay
vega baja hospital
velindre hospital
velindre nhs trust
vincent palotti hospital in capetown
virgin care
virgin care oldham
walsall healthcare trust
walton centre
warrington and halton
warrington hospital
waters meeting health centre
western general hospital
western general hospital, edinburg
western general, edinburgh
western park sheffield
westgate medical practice, morcambe
westmorland general hospital
westmorland general hospital, morecambe bay nhs trust
weston area health
weston general hospital, weston-super-mare
weston park hospital sheffield
weston park hospital, sheffield
weston park sheffield
weston park, sheffield
whiston hospital
whithington community hospital
whittington hosp london
wigan & leigh hospital
wigan & leigh nhs trust
wigan and leigh hospice
wigan hospice
wigan hospital
winchester research unit
withington
withington community
withington community hospital
withington hospital
wrexham
wrexham maelar
wrexham maelor
wrexham maelor hospital
wrexham-maelor
wrighting, wigan and leigh
wrightington wigan h
wrightington, wigan and leigh
wrightington, wigan, leigh
wythenshawe
wythenshawe (smuht)
wythenshawe (uhsm)
ysbyty gwynedd